Slugs: 103
Available: 36 / 103
  closet-organization: 9
  eco-cleaning: 2
  kitchen-hacks: 6
  laundry-secrets: 9
  plant-care: 5
  tech-efficiency: 5
Target: 17 | Done: 67 | To process: 17
[1/17] laundry-secrets/balanced-and-bake-compared
[1/17] tech-efficiency/daily-closet-organization-essentials
[1/17] closet-organization/ideas-alternatives-to-pasta
[1/17] closet-organization/cheap-vs-premium-focused
[1/17] tech-efficiency/best-plant-care-for-nutrient
[1/17] kitchen-hacks/cheap-vs-premium-health
[1/17] tech-efficiency/energy-for-naturally
[1/17] laundry-secrets/best-closet-organization-for-safety
[1/17] kitchen-hacks/bread-checklist
[1/17] eco-cleaning/baking-trends-2026
  OK — Balanced vs. Bake: A Laundry Expert’s Side-by-Side
[2/17] closet-organization/best-eco-cleaning-for-better
  OK — Best Closet Organization for Safety: A Practical, 
[3/17] eco-cleaning/rice-storage-ideas
  OK — Daily Closet Organization Essentials: Practical To
[4/17] kitchen-hacks/nutrient-laundry-secrets-essentials
  OK — Cheap vs Premium Closet Organization: What Actuall
[5/17] laundry-secrets/how-to-start-closet-organization
  OK — 12 Smart, Nutritious, and Flavorful Alternatives t
[6/17] plant-care/best-daily-ideas
  OK — The Ultimate Bread Checklist: From Flour to Oven S
[7/17] plant-care/diy-zucchini-ideas
  OK — Baking Trends 2026: Science-Backed Shifts in Home 
[8/17] plant-care/diy-chicken-ideas
  OK — Cheap vs Premium Health: What Your Grocery Bill Re
  OK — Energy for Naturally: Science-Backed Strategies to
  OK — Best Plant Care for Nutrient Uptake: Science-Backe
  OK — Smart, Safe & Sustainable Rice Storage Ideas for E
  OK — Best Eco Cleaning for Better Closet Health: Non-To
  OK — Best Daily Ideas for Consistent, Science-Backed Pl
  OK — Nutrient Laundry Secrets Essentials: How to Preser
  OK — How To Start Closet Organization: A Practical, Ste
  OK — 12 Practical, Flavorful & Waste-Smart DIY Zucchini
  OK — 12 Practical DIY Chicken Coop & Run Ideas You Can 
IndexNow: 17 URLs

Done! Success: 17 Failed: 0 Time: 3.4min
